// Jest Snapshot v1, https://goo.gl/fbAQLP

exports[`does not explode when rendered 1`] = `
Array [
  <svg
    aria-hidden={true}
    className="MuiSvgIcon-root"
    focusable="false"
    viewBox="0 0 24 24"
  >
    <svg>
      Martini.svg
    </svg>
  </svg>,
  <svg
    aria-hidden={true}
    className="MuiSvgIcon-root"
    focusable="false"
    viewBox="0 0 24 24"
  >
    <svg>
      OldFashioned.svg
    </svg>
  </svg>,
  <svg
    aria-hidden={true}
    className="MuiSvgIcon-root"
    focusable="false"
    viewBox="0 0 24 24"
  >
    <svg>
      Collins.svg
    </svg>
  </svg>,
  <svg
    aria-hidden={true}
    className="MuiSvgIcon-root"
    focusable="false"
    viewBox="0 0 24 24"
  >
    <svg>
      Highball.svg
    </svg>
  </svg>,
  <svg
    aria-hidden={true}
    className="MuiSvgIcon-root"
    focusable="false"
    viewBox="0 0 24 24"
  >
    <svg>
      ChampagneFlute.svg
    </svg>
  </svg>,
  <svg
    aria-hidden={true}
    className="MuiSvgIcon-root"
    focusable="false"
    viewBox="0 0 24 24"
  >
    <svg>
      Margarita.svg
    </svg>
  </svg>,
  <svg
    aria-hidden={true}
    className="MuiSvgIcon-root"
    focusable="false"
    viewBox="0 0 24 24"
  >
    <svg>
      ChampagneTulip.svg
    </svg>
  </svg>,
  <svg
    aria-hidden={true}
    className="MuiSvgIcon-root"
    focusable="false"
    viewBox="0 0 24 24"
  >
    <svg>
      Hurricane.svg
    </svg>
  </svg>,
  <svg
    aria-hidden={true}
    className="MuiSvgIcon-root"
    focusable="false"
    viewBox="0 0 24 24"
  >
    <svg>
      Shot.svg
    </svg>
  </svg>,
  <svg
    aria-hidden={true}
    className="MuiSvgIcon-root"
    focusable="false"
    viewBox="0 0 24 24"
  >
    <svg>
      HotDrink.svg
    </svg>
  </svg>,
  <svg
    aria-hidden={true}
    className="MuiSvgIcon-root"
    focusable="false"
    viewBox="0 0 24 24"
  >
    <svg>
      WhiteWine.svg
    </svg>
  </svg>,
]
`;
