// Jest Snapshot v1, https://goo.gl/fbAQLP

exports[`does not explode when rendered 1`] = `
<div
  className="Settings-root-2"
>
  <div
    className="MuiPaper-root-3 MuiPaper-elevation2-7 MuiPaper-rounded-4 Settings-content-1"
  >
    <h2
      className="MuiTypography-root-30 MuiTypography-h2-43 MuiTypography-gutterBottom-57"
    >
      Settings
    </h2>
    <fieldset
      className="MuiFormControl-root-66"
    >
      <legend
        className="MuiFormLabel-root-70"
      >
        Color
      </legend>
      <div
        aria-label="Color"
        className="MuiFormGroup-root-77"
        role="radiogroup"
      >
        <label
          className="MuiFormControlLabel-root-79"
        >
          <span
            className="MuiButtonBase-root-100 MuiIconButton-root-94 MuiPrivateSwitchBase-root-90 MuiRadio-root-85 MuiRadio-colorSecondary-89 MuiPrivateSwitchBase-checked-91 MuiRadio-checked-86"
            onBlur={[Function]}
            onContextMenu={[Function]}
            onFocus={[Function]}
            onKeyDown={[Function]}
            onKeyUp={[Function]}
            onMouseDown={[Function]}
            onMouseLeave={[Function]}
            onMouseUp={[Function]}
            onTouchEnd={[Function]}
            onTouchMove={[Function]}
            onTouchStart={[Function]}
            tabIndex={null}
          >
            <span
              className="MuiIconButton-label-99"
            >
              <svg
                aria-hidden="true"
                className="MuiSvgIcon-root-103"
                focusable="false"
                role="presentation"
                viewBox="0 0 24 24"
              >
                <path
                  d="M12 7c-2.76 0-5 2.24-5 5s2.24 5 5 5 5-2.24 5-5-2.24-5-5-5zm0-5C6.48 2 2 6.48 2 12s4.48 10 10 10 10-4.48 10-10S17.52 2 12 2zm0 18c-4.42 0-8-3.58-8-8s3.58-8 8-8 8 3.58 8 8-3.58 8-8 8z"
                />
              </svg>
              <input
                checked={true}
                className="MuiPrivateSwitchBase-input-93"
                disabled={false}
                name="color"
                onChange={[Function]}
                type="radio"
                value="indigo"
              />
            </span>
            <span
              className="MuiTouchRipple-root-121"
            />
          </span>
          <span
            className="MuiTypography-root-30 MuiTypography-body1-39 MuiFormControlLabel-label-84"
          >
            Indigo
          </span>
        </label>
        <label
          className="MuiFormControlLabel-root-79"
        >
          <span
            className="MuiButtonBase-root-100 MuiIconButton-root-94 MuiPrivateSwitchBase-root-90 MuiRadio-root-85 MuiRadio-colorSecondary-89"
            onBlur={[Function]}
            onContextMenu={[Function]}
            onFocus={[Function]}
            onKeyDown={[Function]}
            onKeyUp={[Function]}
            onMouseDown={[Function]}
            onMouseLeave={[Function]}
            onMouseUp={[Function]}
            onTouchEnd={[Function]}
            onTouchMove={[Function]}
            onTouchStart={[Function]}
            tabIndex={null}
          >
            <span
              className="MuiIconButton-label-99"
            >
              <svg
                aria-hidden="true"
                className="MuiSvgIcon-root-103"
                focusable="false"
                role="presentation"
                viewBox="0 0 24 24"
              >
                <path
                  d="M12 2C6.48 2 2 6.48 2 12s4.48 10 10 10 10-4.48 10-10S17.52 2 12 2zm0 18c-4.42 0-8-3.58-8-8s3.58-8 8-8 8 3.58 8 8-3.58 8-8 8z"
                />
              </svg>
              <input
                checked={false}
                className="MuiPrivateSwitchBase-input-93"
                disabled={false}
                name="color"
                onChange={[Function]}
                type="radio"
                value="red"
              />
            </span>
            <span
              className="MuiTouchRipple-root-121"
            />
          </span>
          <span
            className="MuiTypography-root-30 MuiTypography-body1-39 MuiFormControlLabel-label-84"
          >
            Red
          </span>
        </label>
        <label
          className="MuiFormControlLabel-root-79"
        >
          <span
            className="MuiButtonBase-root-100 MuiIconButton-root-94 MuiPrivateSwitchBase-root-90 MuiRadio-root-85 MuiRadio-colorSecondary-89"
            onBlur={[Function]}
            onContextMenu={[Function]}
            onFocus={[Function]}
            onKeyDown={[Function]}
            onKeyUp={[Function]}
            onMouseDown={[Function]}
            onMouseLeave={[Function]}
            onMouseUp={[Function]}
            onTouchEnd={[Function]}
            onTouchMove={[Function]}
            onTouchStart={[Function]}
            tabIndex={null}
          >
            <span
              className="MuiIconButton-label-99"
            >
              <svg
                aria-hidden="true"
                className="MuiSvgIcon-root-103"
                focusable="false"
                role="presentation"
                viewBox="0 0 24 24"
              >
                <path
                  d="M12 2C6.48 2 2 6.48 2 12s4.48 10 10 10 10-4.48 10-10S17.52 2 12 2zm0 18c-4.42 0-8-3.58-8-8s3.58-8 8-8 8 3.58 8 8-3.58 8-8 8z"
                />
              </svg>
              <input
                checked={false}
                className="MuiPrivateSwitchBase-input-93"
                disabled={false}
                name="color"
                onChange={[Function]}
                type="radio"
                value="teal"
              />
            </span>
            <span
              className="MuiTouchRipple-root-121"
            />
          </span>
          <span
            className="MuiTypography-root-30 MuiTypography-body1-39 MuiFormControlLabel-label-84"
          >
            Teal
          </span>
        </label>
        <label
          className="MuiFormControlLabel-root-79"
        >
          <span
            className="MuiButtonBase-root-100 MuiIconButton-root-94 MuiPrivateSwitchBase-root-90 MuiRadio-root-85 MuiRadio-colorSecondary-89"
            onBlur={[Function]}
            onContextMenu={[Function]}
            onFocus={[Function]}
            onKeyDown={[Function]}
            onKeyUp={[Function]}
            onMouseDown={[Function]}
            onMouseLeave={[Function]}
            onMouseUp={[Function]}
            onTouchEnd={[Function]}
            onTouchMove={[Function]}
            onTouchStart={[Function]}
            tabIndex={null}
          >
            <span
              className="MuiIconButton-label-99"
            >
              <svg
                aria-hidden="true"
                className="MuiSvgIcon-root-103"
                focusable="false"
                role="presentation"
                viewBox="0 0 24 24"
              >
                <path
                  d="M12 2C6.48 2 2 6.48 2 12s4.48 10 10 10 10-4.48 10-10S17.52 2 12 2zm0 18c-4.42 0-8-3.58-8-8s3.58-8 8-8 8 3.58 8 8-3.58 8-8 8z"
                />
              </svg>
              <input
                checked={false}
                className="MuiPrivateSwitchBase-input-93"
                disabled={false}
                name="color"
                onChange={[Function]}
                type="radio"
                value="brown"
              />
            </span>
            <span
              className="MuiTouchRipple-root-121"
            />
          </span>
          <span
            className="MuiTypography-root-30 MuiTypography-body1-39 MuiFormControlLabel-label-84"
          >
            Brown
          </span>
        </label>
        <label
          className="MuiFormControlLabel-root-79"
        >
          <span
            className="MuiButtonBase-root-100 MuiIconButton-root-94 MuiPrivateSwitchBase-root-90 MuiRadio-root-85 MuiRadio-colorSecondary-89"
            onBlur={[Function]}
            onContextMenu={[Function]}
            onFocus={[Function]}
            onKeyDown={[Function]}
            onKeyUp={[Function]}
            onMouseDown={[Function]}
            onMouseLeave={[Function]}
            onMouseUp={[Function]}
            onTouchEnd={[Function]}
            onTouchMove={[Function]}
            onTouchStart={[Function]}
            tabIndex={null}
          >
            <span
              className="MuiIconButton-label-99"
            >
              <svg
                aria-hidden="true"
                className="MuiSvgIcon-root-103"
                focusable="false"
                role="presentation"
                viewBox="0 0 24 24"
              >
                <path
                  d="M12 2C6.48 2 2 6.48 2 12s4.48 10 10 10 10-4.48 10-10S17.52 2 12 2zm0 18c-4.42 0-8-3.58-8-8s3.58-8 8-8 8 3.58 8 8-3.58 8-8 8z"
                />
              </svg>
              <input
                checked={false}
                className="MuiPrivateSwitchBase-input-93"
                disabled={false}
                name="color"
                onChange={[Function]}
                type="radio"
                value="pink"
              />
            </span>
            <span
              className="MuiTouchRipple-root-121"
            />
          </span>
          <span
            className="MuiTypography-root-30 MuiTypography-body1-39 MuiFormControlLabel-label-84"
          >
            Pink
          </span>
        </label>
        <label
          className="MuiFormControlLabel-root-79"
        >
          <span
            className="MuiButtonBase-root-100 MuiIconButton-root-94 MuiPrivateSwitchBase-root-90 MuiRadio-root-85 MuiRadio-colorSecondary-89"
            onBlur={[Function]}
            onContextMenu={[Function]}
            onFocus={[Function]}
            onKeyDown={[Function]}
            onKeyUp={[Function]}
            onMouseDown={[Function]}
            onMouseLeave={[Function]}
            onMouseUp={[Function]}
            onTouchEnd={[Function]}
            onTouchMove={[Function]}
            onTouchStart={[Function]}
            tabIndex={null}
          >
            <span
              className="MuiIconButton-label-99"
            >
              <svg
                aria-hidden="true"
                className="MuiSvgIcon-root-103"
                focusable="false"
                role="presentation"
                viewBox="0 0 24 24"
              >
                <path
                  d="M12 2C6.48 2 2 6.48 2 12s4.48 10 10 10 10-4.48 10-10S17.52 2 12 2zm0 18c-4.42 0-8-3.58-8-8s3.58-8 8-8 8 3.58 8 8-3.58 8-8 8z"
                />
              </svg>
              <input
                checked={false}
                className="MuiPrivateSwitchBase-input-93"
                disabled={false}
                name="color"
                onChange={[Function]}
                type="radio"
                value="purple"
              />
            </span>
            <span
              className="MuiTouchRipple-root-121"
            />
          </span>
          <span
            className="MuiTypography-root-30 MuiTypography-body1-39 MuiFormControlLabel-label-84"
          >
            Purple
          </span>
        </label>
      </div>
    </fieldset>
    <fieldset
      className="MuiFormControl-root-66"
    >
      <legend
        className="MuiFormLabel-root-70"
      >
        Theme
      </legend>
      <div
        aria-label="Theme"
        className="MuiFormGroup-root-77"
        role="radiogroup"
      >
        <label
          className="MuiFormControlLabel-root-79"
        >
          <span
            className="MuiButtonBase-root-100 MuiIconButton-root-94 MuiPrivateSwitchBase-root-90 MuiRadio-root-85 MuiRadio-colorSecondary-89 MuiPrivateSwitchBase-checked-91 MuiRadio-checked-86"
            onBlur={[Function]}
            onContextMenu={[Function]}
            onFocus={[Function]}
            onKeyDown={[Function]}
            onKeyUp={[Function]}
            onMouseDown={[Function]}
            onMouseLeave={[Function]}
            onMouseUp={[Function]}
            onTouchEnd={[Function]}
            onTouchMove={[Function]}
            onTouchStart={[Function]}
            tabIndex={null}
          >
            <span
              className="MuiIconButton-label-99"
            >
              <svg
                aria-hidden="true"
                className="MuiSvgIcon-root-103"
                focusable="false"
                role="presentation"
                viewBox="0 0 24 24"
              >
                <path
                  d="M12 7c-2.76 0-5 2.24-5 5s2.24 5 5 5 5-2.24 5-5-2.24-5-5-5zm0-5C6.48 2 2 6.48 2 12s4.48 10 10 10 10-4.48 10-10S17.52 2 12 2zm0 18c-4.42 0-8-3.58-8-8s3.58-8 8-8 8 3.58 8 8-3.58 8-8 8z"
                />
              </svg>
              <input
                checked={true}
                className="MuiPrivateSwitchBase-input-93"
                disabled={false}
                name="theme"
                onChange={[Function]}
                type="radio"
                value="light"
              />
            </span>
            <span
              className="MuiTouchRipple-root-121"
            />
          </span>
          <span
            className="MuiTypography-root-30 MuiTypography-body1-39 MuiFormControlLabel-label-84"
          >
            Light
          </span>
        </label>
        <label
          className="MuiFormControlLabel-root-79"
        >
          <span
            className="MuiButtonBase-root-100 MuiIconButton-root-94 MuiPrivateSwitchBase-root-90 MuiRadio-root-85 MuiRadio-colorSecondary-89"
            onBlur={[Function]}
            onContextMenu={[Function]}
            onFocus={[Function]}
            onKeyDown={[Function]}
            onKeyUp={[Function]}
            onMouseDown={[Function]}
            onMouseLeave={[Function]}
            onMouseUp={[Function]}
            onTouchEnd={[Function]}
            onTouchMove={[Function]}
            onTouchStart={[Function]}
            tabIndex={null}
          >
            <span
              className="MuiIconButton-label-99"
            >
              <svg
                aria-hidden="true"
                className="MuiSvgIcon-root-103"
                focusable="false"
                role="presentation"
                viewBox="0 0 24 24"
              >
                <path
                  d="M12 2C6.48 2 2 6.48 2 12s4.48 10 10 10 10-4.48 10-10S17.52 2 12 2zm0 18c-4.42 0-8-3.58-8-8s3.58-8 8-8 8 3.58 8 8-3.58 8-8 8z"
                />
              </svg>
              <input
                checked={false}
                className="MuiPrivateSwitchBase-input-93"
                disabled={false}
                name="theme"
                onChange={[Function]}
                type="radio"
                value="dark"
              />
            </span>
            <span
              className="MuiTouchRipple-root-121"
            />
          </span>
          <span
            className="MuiTypography-root-30 MuiTypography-body1-39 MuiFormControlLabel-label-84"
          >
            Dark
          </span>
        </label>
      </div>
    </fieldset>
    <div
      className="MuiFormControl-root-66"
    >
      <legend
        className="MuiFormLabel-root-70"
      >
        Pride!
      </legend>
      <label
        className="MuiFormControlLabel-root-79"
      >
        <span
          className="MuiSwitch-root-112"
        >
          <span
            className="MuiButtonBase-root-100 MuiIconButton-root-94 MuiPrivateSwitchBase-root-90 MuiSwitch-switchBase-115 MuiSwitch-colorSecondary-118"
            onBlur={[Function]}
            onContextMenu={[Function]}
            onFocus={[Function]}
            onKeyDown={[Function]}
            onKeyUp={[Function]}
            onMouseDown={[Function]}
            onMouseLeave={[Function]}
            onMouseUp={[Function]}
            onTouchEnd={[Function]}
            onTouchMove={[Function]}
            onTouchStart={[Function]}
            tabIndex={null}
          >
            <span
              className="MuiIconButton-label-99"
            >
              <span
                className="MuiSwitch-icon-113"
              />
              <input
                checked={false}
                className="MuiPrivateSwitchBase-input-93"
                disabled={false}
                onChange={[Function]}
                type="checkbox"
                value={false}
              />
            </span>
            <span
              className="MuiTouchRipple-root-121"
            />
          </span>
          <span
            className="MuiSwitch-bar-120"
          />
        </span>
        <span
          className="MuiTypography-root-30 MuiTypography-body1-39 MuiFormControlLabel-label-84"
        >
          <span
            className="MuiTypography-root-30 MuiTypography-body1-39"
          >
            Fly the colours
          </span>
        </span>
      </label>
    </div>
  </div>
</div>
`;
