// Jest Snapshot v1, https://goo.gl/fbAQLP

exports[`does not explode when rendered 1`] = `
Array [
  <header
    className="MuiPaper-root-16 MuiPaper-elevation4-22 MuiAppBar-root-7 MuiAppBar-positionSticky-10 MuiAppBar-colorPrimary-14"
  >
    <div
      className="MuiToolbar-root-43 MuiToolbar-regular-45 MuiToolbar-gutters-44"
    >
      <div
        className="App-grow-1"
      >
        <a
          className="MuiButtonBase-root-73 MuiButton-root-47 MuiButton-text-49 MuiButton-flat-52 MuiButton-colorInherit-68 App-textBackground-4"
          href="/cocktails"
          onBlur={[Function]}
          onClick={[Function]}
          onContextMenu={[Function]}
          onFocus={[Function]}
          onKeyDown={[Function]}
          onKeyUp={[Function]}
          onMouseDown={[Function]}
          onMouseLeave={[Function]}
          onMouseUp={[Function]}
          onTouchEnd={[Function]}
          onTouchMove={[Function]}
          onTouchStart={[Function]}
          role="button"
          tabIndex="0"
        >
          <span
            className="MuiButton-label-48"
          >
            <svg
              aria-hidden="true"
              className="MuiSvgIcon-root-76"
              focusable="false"
              role="presentation"
              viewBox="0 0 24 24"
            >
              <path
                d="M21 5V3H3v2l8 9v5H6v2h12v-2h-5v-5l8-9zM7.43 7L5.66 5h12.69l-1.78 2H7.43z"
              />
              <path
                d="M0 0h24v24H0z"
                fill="none"
              />
            </svg>
            <h1
              className="MuiTypography-root-85 MuiTypography-body2-93"
            >
              <span
                className="App-heading-2"
              >
                Cocktail Browser
              </span>
            </h1>
          </span>
          <span
            className="MuiTouchRipple-root-331"
          />
        </a>
      </div>
      <a
        className="MuiButtonBase-root-73 MuiButton-root-47 MuiButton-text-49 MuiButton-flat-52 MuiButton-colorInherit-68 App-textBackground-4"
        href="/cocktails"
        onBlur={[Function]}
        onClick={[Function]}
        onContextMenu={[Function]}
        onFocus={[Function]}
        onKeyDown={[Function]}
        onKeyUp={[Function]}
        onMouseDown={[Function]}
        onMouseLeave={[Function]}
        onMouseUp={[Function]}
        onTouchEnd={[Function]}
        onTouchMove={[Function]}
        onTouchStart={[Function]}
        role="button"
        tabIndex="0"
      >
        <span
          className="MuiButton-label-48"
        >
          <svg
            aria-hidden="true"
            className="MuiSvgIcon-root-76"
            focusable="false"
            role="presentation"
            viewBox="0 0 24 24"
          >
            <path
              d="M15.5 14h-.79l-.28-.27C15.41 12.59 16 11.11 16 9.5 16 5.91 13.09 3 9.5 3S3 5.91 3 9.5 5.91 16 9.5 16c1.61 0 3.09-.59 4.23-1.57l.27.28v.79l5 4.99L20.49 19l-4.99-5zm-6 0C7.01 14 5 11.99 5 9.5S7.01 5 9.5 5 14 7.01 14 9.5 11.99 14 9.5 14z"
            />
            <path
              d="M0 0h24v24H0z"
              fill="none"
            />
          </svg>
          <p
            className="MuiTypography-root-85 MuiTypography-body2-93"
          >
            <span
              className="App-title-3"
            >
              Browse
            </span>
          </p>
        </span>
        <span
          className="MuiTouchRipple-root-331"
        />
      </a>
      <a
        className="MuiButtonBase-root-73 MuiButton-root-47 MuiButton-text-49 MuiButton-flat-52 MuiButton-colorInherit-68 App-textBackground-4"
        href="/my-bar"
        onBlur={[Function]}
        onClick={[Function]}
        onContextMenu={[Function]}
        onFocus={[Function]}
        onKeyDown={[Function]}
        onKeyUp={[Function]}
        onMouseDown={[Function]}
        onMouseLeave={[Function]}
        onMouseUp={[Function]}
        onTouchEnd={[Function]}
        onTouchMove={[Function]}
        onTouchStart={[Function]}
        role="button"
        tabIndex="0"
      >
        <span
          className="MuiButton-label-48"
        >
          <svg
            aria-hidden="true"
            className="MuiSvgIcon-root-76"
            focusable="false"
            role="presentation"
            viewBox="0 0 24 24"
          >
            <path
              d="M0 0h24v24H0z"
              fill="none"
            />
            <path
              d="M3 2l2.01 18.23C5.13 21.23 5.97 22 7 22h10c1.03 0 1.87-.77 1.99-1.77L21 2H3zm9 17c-1.66 0-3-1.34-3-3 0-2 3-5.4 3-5.4s3 3.4 3 5.4c0 1.66-1.34 3-3 3zm6.33-11H5.67l-.44-4h13.53l-.43 4z"
            />
          </svg>
          <p
            className="MuiTypography-root-85 MuiTypography-body2-93"
          >
            <span
              className="App-title-3"
            >
              Bar
            </span>
          </p>
        </span>
        <span
          className="MuiTouchRipple-root-331"
        />
      </a>
      <a
        className="MuiButtonBase-root-73 MuiButton-root-47 MuiButton-text-49 MuiButton-flat-52 MuiButton-colorInherit-68 App-textBackground-4"
        href="/settings"
        onBlur={[Function]}
        onClick={[Function]}
        onContextMenu={[Function]}
        onFocus={[Function]}
        onKeyDown={[Function]}
        onKeyUp={[Function]}
        onMouseDown={[Function]}
        onMouseLeave={[Function]}
        onMouseUp={[Function]}
        onTouchEnd={[Function]}
        onTouchMove={[Function]}
        onTouchStart={[Function]}
        role="button"
        tabIndex="0"
      >
        <span
          className="MuiButton-label-48"
        >
          <svg
            aria-hidden="true"
            className="MuiSvgIcon-root-76"
            focusable="false"
            role="presentation"
            viewBox="0 0 24 24"
          >
            <path
              d="M0 0h20v20H0V0z"
              fill="none"
              transform="scale(1.2, 1.2)"
            />
            <path
              d="M15.95 10.78c.03-.25.05-.51.05-.78s-.02-.53-.06-.78l1.69-1.32c.15-.12.19-.34.1-.51l-1.6-2.77c-.1-.18-.31-.24-.49-.18l-1.99.8c-.42-.32-.86-.58-1.35-.78L12 2.34c-.03-.2-.2-.34-.4-.34H8.4c-.2 0-.36.14-.39.34l-.3 2.12c-.49.2-.94.47-1.35.78l-1.99-.8c-.18-.07-.39 0-.49.18l-1.6 2.77c-.1.18-.06.39.1.51l1.69 1.32c-.04.25-.07.52-.07.78s.02.53.06.78L2.37 12.1c-.15.12-.19.34-.1.51l1.6 2.77c.1.18.31.24.49.18l1.99-.8c.42.32.86.58 1.35.78l.3 2.12c.04.2.2.34.4.34h3.2c.2 0 .37-.14.39-.34l.3-2.12c.49-.2.94-.47 1.35-.78l1.99.8c.18.07.39 0 .49-.18l1.6-2.77c.1-.18.06-.39-.1-.51l-1.67-1.32zM10 13c-1.65 0-3-1.35-3-3s1.35-3 3-3 3 1.35 3 3-1.35 3-3 3z"
              transform="scale(1.2, 1.2)"
            />
          </svg>
          <p
            className="MuiTypography-root-85 MuiTypography-body2-93"
          >
            <span
              className="App-title-3"
            >
              Settings
            </span>
          </p>
        </span>
        <span
          className="MuiTouchRipple-root-331"
        />
      </a>
    </div>
  </header>,
  <div>
    <div
      className="MuiPaper-root-16 MuiPaper-elevation24-42 CocktailFilter-filter-121"
    >
      <fieldset
        className="MuiFormControl-root-125"
      >
        <div
          className="MuiFormGroup-root-129 MuiFormGroup-row-130"
        >
          <label
            className="MuiFormControlLabel-root-131"
          >
            <span
              className="MuiSwitch-root-137"
            >
              <span
                className="MuiButtonBase-root-73 MuiIconButton-root-150 MuiPrivateSwitchBase-root-146 MuiSwitch-switchBase-140 MuiSwitch-colorSecondary-143"
                onBlur={[Function]}
                onContextMenu={[Function]}
                onFocus={[Function]}
                onKeyDown={[Function]}
                onKeyUp={[Function]}
                onMouseDown={[Function]}
                onMouseLeave={[Function]}
                onMouseUp={[Function]}
                onTouchEnd={[Function]}
                onTouchMove={[Function]}
                onTouchStart={[Function]}
                tabIndex={null}
              >
                <span
                  className="MuiIconButton-label-155"
                >
                  <span
                    className="MuiSwitch-icon-138"
                  />
                  <input
                    checked={false}
                    className="MuiPrivateSwitchBase-input-149"
                    disabled={false}
                    onChange={[Function]}
                    type="checkbox"
                    value={false}
                  />
                </span>
                <span
                  className="MuiTouchRipple-root-331"
                />
              </span>
              <span
                className="MuiSwitch-bar-145"
              />
            </span>
            <span
              className="MuiTypography-root-85 MuiTypography-body2-93 MuiFormControlLabel-label-136"
            >
              <span
                className="MuiTypography-root-85 MuiTypography-body2-93"
              >
                Only include drinks I can make from
                 
                <a
                  href="/my-bar"
                  onClick={[Function]}
                  style={
                    Object {
                      "textDecoration": "none",
                    }
                  }
                >
                  <span
                    className="MuiTypography-root-85 MuiTypography-body2-93 MuiTypography-colorSecondary-116"
                    style={
                      Object {
                        "display": "inline",
                      }
                    }
                  >
                    my bar
                  </span>
                </a>
              </span>
            </span>
          </label>
        </div>
        <div
          className="MuiFormGroup-root-129 CocktailFilter-radioGroup-123"
          role="radiogroup"
        >
          <label
            className="MuiFormControlLabel-root-131"
            onClick={[Function]}
          >
            <span
              className="MuiButtonBase-root-73 MuiIconButton-root-150 MuiPrivateSwitchBase-root-146 MuiRadio-root-156 MuiRadio-colorSecondary-160 MuiPrivateSwitchBase-checked-147 MuiRadio-checked-157"
              onBlur={[Function]}
              onContextMenu={[Function]}
              onFocus={[Function]}
              onKeyDown={[Function]}
              onKeyUp={[Function]}
              onMouseDown={[Function]}
              onMouseLeave={[Function]}
              onMouseUp={[Function]}
              onTouchEnd={[Function]}
              onTouchMove={[Function]}
              onTouchStart={[Function]}
              tabIndex={null}
            >
              <span
                className="MuiIconButton-label-155"
              >
                <svg
                  aria-hidden="true"
                  className="MuiSvgIcon-root-76"
                  focusable="false"
                  role="presentation"
                  viewBox="0 0 24 24"
                >
                  <path
                    d="M12 7c-2.76 0-5 2.24-5 5s2.24 5 5 5 5-2.24 5-5-2.24-5-5-5zm0-5C6.48 2 2 6.48 2 12s4.48 10 10 10 10-4.48 10-10S17.52 2 12 2zm0 18c-4.42 0-8-3.58-8-8s3.58-8 8-8 8 3.58 8 8-3.58 8-8 8z"
                  />
                </svg>
                <input
                  checked={true}
                  className="MuiPrivateSwitchBase-input-149"
                  disabled={false}
                  onChange={[Function]}
                  type="radio"
                  value="mustInclude"
                />
              </span>
              <span
                className="MuiTouchRipple-root-331"
              />
            </span>
            <span
              className="MuiTypography-root-85 MuiTypography-body2-93 MuiFormControlLabel-label-136"
            >
              Must Include all of the following...
            </span>
          </label>
          <label
            className="MuiFormControlLabel-root-131"
            onClick={[Function]}
          >
            <span
              className="MuiButtonBase-root-73 MuiIconButton-root-150 MuiPrivateSwitchBase-root-146 MuiRadio-root-156 MuiRadio-colorSecondary-160"
              onBlur={[Function]}
              onContextMenu={[Function]}
              onFocus={[Function]}
              onKeyDown={[Function]}
              onKeyUp={[Function]}
              onMouseDown={[Function]}
              onMouseLeave={[Function]}
              onMouseUp={[Function]}
              onTouchEnd={[Function]}
              onTouchMove={[Function]}
              onTouchStart={[Function]}
              tabIndex={null}
            >
              <span
                className="MuiIconButton-label-155"
              >
                <svg
                  aria-hidden="true"
                  className="MuiSvgIcon-root-76"
                  focusable="false"
                  role="presentation"
                  viewBox="0 0 24 24"
                >
                  <path
                    d="M12 2C6.48 2 2 6.48 2 12s4.48 10 10 10 10-4.48 10-10S17.52 2 12 2zm0 18c-4.42 0-8-3.58-8-8s3.58-8 8-8 8 3.58 8 8-3.58 8-8 8z"
                  />
                </svg>
                <input
                  checked={false}
                  className="MuiPrivateSwitchBase-input-149"
                  disabled={false}
                  onChange={[Function]}
                  type="radio"
                  value="canInclude"
                />
              </span>
              <span
                className="MuiTouchRipple-root-331"
              />
            </span>
            <span
              className="MuiTypography-root-85 MuiTypography-body2-93 MuiFormControlLabel-label-136"
            >
              Can Include any of the following...
            </span>
          </label>
        </div>
      </fieldset>
      <fieldset
        className="MuiFormControl-root-125"
      >
        <div>
          <div
            className="MuiChip-root-162 MuiChip-clickable-165 IngredientPicker-chip-161"
            onClick={[Function]}
            onKeyDown={[Function]}
            onKeyUp={[Function]}
            role="button"
            tabIndex={0}
          >
            <span
              className="MuiChip-label-181"
            >
              Absinthe
            </span>
          </div>
          <div
            className="MuiChip-root-162 MuiChip-clickable-165 IngredientPicker-chip-161"
            onClick={[Function]}
            onKeyDown={[Function]}
            onKeyUp={[Function]}
            role="button"
            tabIndex={0}
          >
            <span
              className="MuiChip-label-181"
            >
              Aperol
            </span>
          </div>
          <div
            className="MuiChip-root-162 MuiChip-clickable-165 IngredientPicker-chip-161"
            onClick={[Function]}
            onKeyDown={[Function]}
            onKeyUp={[Function]}
            role="button"
            tabIndex={0}
          >
            <span
              className="MuiChip-label-181"
            >
              Apricot brandy
            </span>
          </div>
          <div
            className="MuiChip-root-162 MuiChip-clickable-165 IngredientPicker-chip-161"
            onClick={[Function]}
            onKeyDown={[Function]}
            onKeyUp={[Function]}
            role="button"
            tabIndex={0}
          >
            <span
              className="MuiChip-label-181"
            >
              Blackberry liqueur
            </span>
          </div>
          <div
            className="MuiChip-root-162 MuiChip-clickable-165 IngredientPicker-chip-161"
            onClick={[Function]}
            onKeyDown={[Function]}
            onKeyUp={[Function]}
            role="button"
            tabIndex={0}
          >
            <span
              className="MuiChip-label-181"
            >
              Cachaca
            </span>
          </div>
          <div
            className="MuiChip-root-162 MuiChip-clickable-165 IngredientPicker-chip-161"
            onClick={[Function]}
            onKeyDown={[Function]}
            onKeyUp={[Function]}
            role="button"
            tabIndex={0}
          >
            <span
              className="MuiChip-label-181"
            >
              Calvados
            </span>
          </div>
          <div
            className="MuiChip-root-162 MuiChip-clickable-165 IngredientPicker-chip-161"
            onClick={[Function]}
            onKeyDown={[Function]}
            onKeyUp={[Function]}
            role="button"
            tabIndex={0}
          >
            <span
              className="MuiChip-label-181"
            >
              Campari
            </span>
          </div>
          <div
            className="MuiChip-root-162 MuiChip-clickable-165 IngredientPicker-chip-161"
            onClick={[Function]}
            onKeyDown={[Function]}
            onKeyUp={[Function]}
            role="button"
            tabIndex={0}
          >
            <span
              className="MuiChip-label-181"
            >
              Champagne
            </span>
          </div>
          <div
            className="MuiChip-root-162 MuiChip-clickable-165 IngredientPicker-chip-161"
            onClick={[Function]}
            onKeyDown={[Function]}
            onKeyUp={[Function]}
            role="button"
            tabIndex={0}
          >
            <span
              className="MuiChip-label-181"
            >
              Cherry liqueur
            </span>
          </div>
          <div
            className="MuiChip-root-162 MuiChip-clickable-165 IngredientPicker-chip-161"
            onClick={[Function]}
            onKeyDown={[Function]}
            onKeyUp={[Function]}
            role="button"
            tabIndex={0}
          >
            <span
              className="MuiChip-label-181"
            >
              Coconut milk
            </span>
          </div>
          <div
            className="MuiChip-root-162 MuiChip-clickable-165 IngredientPicker-chip-161"
            onClick={[Function]}
            onKeyDown={[Function]}
            onKeyUp={[Function]}
            role="button"
            tabIndex={0}
          >
            <span
              className="MuiChip-label-181"
            >
              Coffee liqueur
            </span>
          </div>
          <div
            className="MuiChip-root-162 MuiChip-clickable-165 IngredientPicker-chip-161"
            onClick={[Function]}
            onKeyDown={[Function]}
            onKeyUp={[Function]}
            role="button"
            tabIndex={0}
          >
            <span
              className="MuiChip-label-181"
            >
              Cognac
            </span>
          </div>
          <div
            className="MuiChip-root-162 MuiChip-clickable-165 IngredientPicker-chip-161"
            onClick={[Function]}
            onKeyDown={[Function]}
            onKeyUp={[Function]}
            role="button"
            tabIndex={0}
          >
            <span
              className="MuiChip-label-181"
            >
              Cola
            </span>
          </div>
          <div
            className="MuiChip-root-162 MuiChip-clickable-165 IngredientPicker-chip-161"
            onClick={[Function]}
            onKeyDown={[Function]}
            onKeyUp={[Function]}
            role="button"
            tabIndex={0}
          >
            <span
              className="MuiChip-label-181"
            >
              Cranberry juice
            </span>
          </div>
          <div
            className="MuiChip-root-162 MuiChip-clickable-165 IngredientPicker-chip-161"
            onClick={[Function]}
            onKeyDown={[Function]}
            onKeyUp={[Function]}
            role="button"
            tabIndex={0}
          >
            <span
              className="MuiChip-label-181"
            >
              Cream
            </span>
          </div>
          <div
            className="MuiChip-root-162 MuiChip-clickable-165 IngredientPicker-chip-161"
            onClick={[Function]}
            onKeyDown={[Function]}
            onKeyUp={[Function]}
            role="button"
            tabIndex={0}
          >
            <span
              className="MuiChip-label-181"
            >
              Cream liqueur
            </span>
          </div>
          <div
            className="MuiChip-root-162 MuiChip-clickable-165 IngredientPicker-chip-161"
            onClick={[Function]}
            onKeyDown={[Function]}
            onKeyUp={[Function]}
            role="button"
            tabIndex={0}
          >
            <span
              className="MuiChip-label-181"
            >
              Créme liqueur
            </span>
          </div>
          <div
            className="MuiChip-root-162 MuiChip-clickable-165 IngredientPicker-chip-161"
            onClick={[Function]}
            onKeyDown={[Function]}
            onKeyUp={[Function]}
            role="button"
            tabIndex={0}
          >
            <span
              className="MuiChip-label-181"
            >
              Dark rum
            </span>
          </div>
          <div
            className="MuiChip-root-162 MuiChip-clickable-165 IngredientPicker-chip-161"
            onClick={[Function]}
            onKeyDown={[Function]}
            onKeyUp={[Function]}
            role="button"
            tabIndex={0}
          >
            <span
              className="MuiChip-label-181"
            >
              DiSaronno
            </span>
          </div>
          <div
            className="MuiChip-root-162 MuiChip-clickable-165 IngredientPicker-chip-161"
            onClick={[Function]}
            onKeyDown={[Function]}
            onKeyUp={[Function]}
            role="button"
            tabIndex={0}
          >
            <span
              className="MuiChip-label-181"
            >
              DOM Bénédictine
            </span>
          </div>
          <div
            className="MuiChip-root-162 MuiChip-clickable-165 IngredientPicker-chip-161"
            onClick={[Function]}
            onKeyDown={[Function]}
            onKeyUp={[Function]}
            role="button"
            tabIndex={0}
          >
            <span
              className="MuiChip-label-181"
            >
              Drambuie
            </span>
          </div>
          <div
            className="MuiChip-root-162 MuiChip-clickable-165 IngredientPicker-chip-161"
            onClick={[Function]}
            onKeyDown={[Function]}
            onKeyUp={[Function]}
            role="button"
            tabIndex={0}
          >
            <span
              className="MuiChip-label-181"
            >
              Dry White Wine
            </span>
          </div>
          <div
            className="MuiChip-root-162 MuiChip-clickable-165 IngredientPicker-chip-161"
            onClick={[Function]}
            onKeyDown={[Function]}
            onKeyUp={[Function]}
            role="button"
            tabIndex={0}
          >
            <span
              className="MuiChip-label-181"
            >
              Egg yolk
            </span>
          </div>
          <div
            className="MuiChip-root-162 MuiChip-clickable-165 IngredientPicker-chip-161"
            onClick={[Function]}
            onKeyDown={[Function]}
            onKeyUp={[Function]}
            role="button"
            tabIndex={0}
          >
            <span
              className="MuiChip-label-181"
            >
              Galliano
            </span>
          </div>
          <div
            className="MuiChip-root-162 MuiChip-clickable-165 IngredientPicker-chip-161"
            onClick={[Function]}
            onKeyDown={[Function]}
            onKeyUp={[Function]}
            role="button"
            tabIndex={0}
          >
            <span
              className="MuiChip-label-181"
            >
              Gin
            </span>
          </div>
          <div
            className="MuiChip-root-162 MuiChip-clickable-165 IngredientPicker-chip-161"
            onClick={[Function]}
            onKeyDown={[Function]}
            onKeyUp={[Function]}
            role="button"
            tabIndex={0}
          >
            <span
              className="MuiChip-label-181"
            >
              Ginger Ale
            </span>
          </div>
          <div
            className="MuiChip-root-162 MuiChip-clickable-165 IngredientPicker-chip-161"
            onClick={[Function]}
            onKeyDown={[Function]}
            onKeyUp={[Function]}
            role="button"
            tabIndex={0}
          >
            <span
              className="MuiChip-label-181"
            >
              Ginger beer
            </span>
          </div>
          <div
            className="MuiChip-root-162 MuiChip-clickable-165 IngredientPicker-chip-161"
            onClick={[Function]}
            onKeyDown={[Function]}
            onKeyUp={[Function]}
            role="button"
            tabIndex={0}
          >
            <span
              className="MuiChip-label-181"
            >
              Grapefruit juice
            </span>
          </div>
          <div
            className="MuiChip-root-162 MuiChip-clickable-165 IngredientPicker-chip-161"
            onClick={[Function]}
            onKeyDown={[Function]}
            onKeyUp={[Function]}
            role="button"
            tabIndex={0}
          >
            <span
              className="MuiChip-label-181"
            >
              Hot coffee
            </span>
          </div>
          <div
            className="MuiChip-root-162 MuiChip-clickable-165 IngredientPicker-chip-161"
            onClick={[Function]}
            onKeyDown={[Function]}
            onKeyUp={[Function]}
            role="button"
            tabIndex={0}
          >
            <span
              className="MuiChip-label-181"
            >
              Kirsch
            </span>
          </div>
          <div
            className="MuiChip-root-162 MuiChip-clickable-165 IngredientPicker-chip-161"
            onClick={[Function]}
            onKeyDown={[Function]}
            onKeyUp={[Function]}
            role="button"
            tabIndex={0}
          >
            <span
              className="MuiChip-label-181"
            >
              Lemon juice
            </span>
          </div>
          <div
            className="MuiChip-root-162 MuiChip-clickable-165 IngredientPicker-chip-161"
            onClick={[Function]}
            onKeyDown={[Function]}
            onKeyUp={[Function]}
            role="button"
            tabIndex={0}
          >
            <span
              className="MuiChip-label-181"
            >
              Lillet Blonde
            </span>
          </div>
          <div
            className="MuiChip-root-162 MuiChip-clickable-165 IngredientPicker-chip-161"
            onClick={[Function]}
            onKeyDown={[Function]}
            onKeyUp={[Function]}
            role="button"
            tabIndex={0}
          >
            <span
              className="MuiChip-label-181"
            >
              Lime juice
            </span>
          </div>
          <div
            className="MuiChip-root-162 MuiChip-clickable-165 IngredientPicker-chip-161"
            onClick={[Function]}
            onKeyDown={[Function]}
            onKeyUp={[Function]}
            role="button"
            tabIndex={0}
          >
            <span
              className="MuiChip-label-181"
            >
              Olive juice
            </span>
          </div>
          <div
            className="MuiChip-root-162 MuiChip-clickable-165 IngredientPicker-chip-161"
            onClick={[Function]}
            onKeyDown={[Function]}
            onKeyUp={[Function]}
            role="button"
            tabIndex={0}
          >
            <span
              className="MuiChip-label-181"
            >
              Orange Bitters
            </span>
          </div>
          <div
            className="MuiChip-root-162 MuiChip-clickable-165 IngredientPicker-chip-161"
            onClick={[Function]}
            onKeyDown={[Function]}
            onKeyUp={[Function]}
            role="button"
            tabIndex={0}
          >
            <span
              className="MuiChip-label-181"
            >
              Orange juice
            </span>
          </div>
          <div
            className="MuiChip-root-162 MuiChip-clickable-165 IngredientPicker-chip-161"
            onClick={[Function]}
            onKeyDown={[Function]}
            onKeyUp={[Function]}
            role="button"
            tabIndex={0}
          >
            <span
              className="MuiChip-label-181"
            >
              Peach puree
            </span>
          </div>
          <div
            className="MuiChip-root-162 MuiChip-clickable-165 IngredientPicker-chip-161"
            onClick={[Function]}
            onKeyDown={[Function]}
            onKeyUp={[Function]}
            role="button"
            tabIndex={0}
          >
            <span
              className="MuiChip-label-181"
            >
              Peach schnapps
            </span>
          </div>
          <div
            className="MuiChip-root-162 MuiChip-clickable-165 IngredientPicker-chip-161"
            onClick={[Function]}
            onKeyDown={[Function]}
            onKeyUp={[Function]}
            role="button"
            tabIndex={0}
          >
            <span
              className="MuiChip-label-181"
            >
              Pineapple juice
            </span>
          </div>
          <div
            className="MuiChip-root-162 MuiChip-clickable-165 IngredientPicker-chip-161"
            onClick={[Function]}
            onKeyDown={[Function]}
            onKeyUp={[Function]}
            role="button"
            tabIndex={0}
          >
            <span
              className="MuiChip-label-181"
            >
              Pisco
            </span>
          </div>
          <div
            className="MuiChip-root-162 MuiChip-clickable-165 IngredientPicker-chip-161"
            onClick={[Function]}
            onKeyDown={[Function]}
            onKeyUp={[Function]}
            role="button"
            tabIndex={0}
          >
            <span
              className="MuiChip-label-181"
            >
              Prosecco
            </span>
          </div>
          <div
            className="MuiChip-root-162 MuiChip-clickable-165 IngredientPicker-chip-161"
            onClick={[Function]}
            onKeyDown={[Function]}
            onKeyUp={[Function]}
            role="button"
            tabIndex={0}
          >
            <span
              className="MuiChip-label-181"
            >
              Raspberry liqueur
            </span>
          </div>
          <div
            className="MuiChip-root-162 MuiChip-clickable-165 IngredientPicker-chip-161"
            onClick={[Function]}
            onKeyDown={[Function]}
            onKeyUp={[Function]}
            role="button"
            tabIndex={0}
          >
            <span
              className="MuiChip-label-181"
            >
              Red Port
            </span>
          </div>
          <div
            className="MuiChip-root-162 MuiChip-clickable-165 IngredientPicker-chip-161"
            onClick={[Function]}
            onKeyDown={[Function]}
            onKeyUp={[Function]}
            role="button"
            tabIndex={0}
          >
            <span
              className="MuiChip-label-181"
            >
              Soda water
            </span>
          </div>
          <div
            className="MuiChip-root-162 MuiChip-clickable-165 IngredientPicker-chip-161"
            onClick={[Function]}
            onKeyDown={[Function]}
            onKeyUp={[Function]}
            role="button"
            tabIndex={0}
          >
            <span
              className="MuiChip-label-181"
            >
              Syrup
            </span>
          </div>
          <div
            className="MuiChip-root-162 MuiChip-clickable-165 IngredientPicker-chip-161"
            onClick={[Function]}
            onKeyDown={[Function]}
            onKeyUp={[Function]}
            role="button"
            tabIndex={0}
          >
            <span
              className="MuiChip-label-181"
            >
              Tequila
            </span>
          </div>
          <div
            className="MuiChip-root-162 MuiChip-clickable-165 IngredientPicker-chip-161"
            onClick={[Function]}
            onKeyDown={[Function]}
            onKeyUp={[Function]}
            role="button"
            tabIndex={0}
          >
            <span
              className="MuiChip-label-181"
            >
              Tomato juice
            </span>
          </div>
          <div
            className="MuiChip-root-162 MuiChip-clickable-165 IngredientPicker-chip-161"
            onClick={[Function]}
            onKeyDown={[Function]}
            onKeyUp={[Function]}
            role="button"
            tabIndex={0}
          >
            <span
              className="MuiChip-label-181"
            >
              Triple Sec
            </span>
          </div>
          <div
            className="MuiChip-root-162 MuiChip-clickable-165 IngredientPicker-chip-161"
            onClick={[Function]}
            onKeyDown={[Function]}
            onKeyUp={[Function]}
            role="button"
            tabIndex={0}
          >
            <span
              className="MuiChip-label-181"
            >
              Vermouth
            </span>
          </div>
          <div
            className="MuiChip-root-162 MuiChip-clickable-165 IngredientPicker-chip-161"
            onClick={[Function]}
            onKeyDown={[Function]}
            onKeyUp={[Function]}
            role="button"
            tabIndex={0}
          >
            <span
              className="MuiChip-label-181"
            >
              Vodka
            </span>
          </div>
          <div
            className="MuiChip-root-162 MuiChip-clickable-165 IngredientPicker-chip-161"
            onClick={[Function]}
            onKeyDown={[Function]}
            onKeyUp={[Function]}
            role="button"
            tabIndex={0}
          >
            <span
              className="MuiChip-label-181"
            >
              Whiskey
            </span>
          </div>
          <div
            className="MuiChip-root-162 MuiChip-clickable-165 IngredientPicker-chip-161"
            onClick={[Function]}
            onKeyDown={[Function]}
            onKeyUp={[Function]}
            role="button"
            tabIndex={0}
          >
            <span
              className="MuiChip-label-181"
            >
              White rum
            </span>
          </div>
        </div>
         
        <button
          className="MuiButtonBase-root-73 MuiButton-root-47 MuiButton-text-49 MuiButton-textSecondary-51 MuiButton-flat-52 MuiButton-flatSecondary-54"
          disabled={false}
          onBlur={[Function]}
          onClick={[Function]}
          onContextMenu={[Function]}
          onFocus={[Function]}
          onKeyDown={[Function]}
          onKeyUp={[Function]}
          onMouseDown={[Function]}
          onMouseLeave={[Function]}
          onMouseUp={[Function]}
          onTouchEnd={[Function]}
          onTouchMove={[Function]}
          onTouchStart={[Function]}
          tabIndex="0"
          type="button"
        >
          <span
            className="MuiButton-label-48"
          >
            Clear Ingredients
          </span>
          <span
            className="MuiTouchRipple-root-331"
          />
        </button>
      </fieldset>
      <div
        className="MuiGrid-container-187"
      >
        <div
          className="MuiGrid-item-188 MuiGrid-grid-xs-12-227 MuiGrid-grid-md-6-249 CocktailFilter-checkboxOptionContainer-124"
        >
          <fieldset
            className="MuiFormControl-root-125"
          >
            <legend
              className="MuiFormLabel-root-284"
            >
              Category
            </legend>
            <div
              className="MuiFormGroup-root-129 MuiFormGroup-row-130"
            >
              <label
                className="MuiFormControlLabel-root-131"
              >
                <span
                  className="MuiButtonBase-root-73 MuiIconButton-root-150 MuiPrivateSwitchBase-root-146 MuiCheckbox-root-291 MuiCheckbox-colorPrimary-295"
                  onBlur={[Function]}
                  onContextMenu={[Function]}
                  onFocus={[Function]}
                  onKeyDown={[Function]}
                  onKeyUp={[Function]}
                  onMouseDown={[Function]}
                  onMouseLeave={[Function]}
                  onMouseUp={[Function]}
                  onTouchEnd={[Function]}
                  onTouchMove={[Function]}
                  onTouchStart={[Function]}
                  tabIndex={null}
                >
                  <span
                    className="MuiIconButton-label-155"
                  >
                    <svg
                      aria-hidden="true"
                      className="MuiSvgIcon-root-76"
                      focusable="false"
                      role="presentation"
                      viewBox="0 0 24 24"
                    >
                      <path
                        d="M19 5v14H5V5h14m0-2H5c-1.1 0-2 .9-2 2v14c0 1.1.9 2 2 2h14c1.1 0 2-.9 2-2V5c0-1.1-.9-2-2-2z"
                      />
                    </svg>
                    <input
                      checked={false}
                      className="MuiPrivateSwitchBase-input-149"
                      data-indeterminate={false}
                      disabled={false}
                      onChange={[Function]}
                      type="checkbox"
                      value="checkedB"
                    />
                  </span>
                  <span
                    className="MuiTouchRipple-root-331"
                  />
                </span>
                <span
                  className="MuiTypography-root-85 MuiTypography-body2-93 MuiFormControlLabel-label-136"
                >
                  Before Dinner Cocktail
                </span>
              </label>
              <label
                className="MuiFormControlLabel-root-131"
              >
                <span
                  className="MuiButtonBase-root-73 MuiIconButton-root-150 MuiPrivateSwitchBase-root-146 MuiCheckbox-root-291 MuiCheckbox-colorPrimary-295"
                  onBlur={[Function]}
                  onContextMenu={[Function]}
                  onFocus={[Function]}
                  onKeyDown={[Function]}
                  onKeyUp={[Function]}
                  onMouseDown={[Function]}
                  onMouseLeave={[Function]}
                  onMouseUp={[Function]}
                  onTouchEnd={[Function]}
                  onTouchMove={[Function]}
                  onTouchStart={[Function]}
                  tabIndex={null}
                >
                  <span
                    className="MuiIconButton-label-155"
                  >
                    <svg
                      aria-hidden="true"
                      className="MuiSvgIcon-root-76"
                      focusable="false"
                      role="presentation"
                      viewBox="0 0 24 24"
                    >
                      <path
                        d="M19 5v14H5V5h14m0-2H5c-1.1 0-2 .9-2 2v14c0 1.1.9 2 2 2h14c1.1 0 2-.9 2-2V5c0-1.1-.9-2-2-2z"
                      />
                    </svg>
                    <input
                      checked={false}
                      className="MuiPrivateSwitchBase-input-149"
                      data-indeterminate={false}
                      disabled={false}
                      onChange={[Function]}
                      type="checkbox"
                      value="checkedB"
                    />
                  </span>
                  <span
                    className="MuiTouchRipple-root-331"
                  />
                </span>
                <span
                  className="MuiTypography-root-85 MuiTypography-body2-93 MuiFormControlLabel-label-136"
                >
                  All Day Cocktail
                </span>
              </label>
              <label
                className="MuiFormControlLabel-root-131"
              >
                <span
                  className="MuiButtonBase-root-73 MuiIconButton-root-150 MuiPrivateSwitchBase-root-146 MuiCheckbox-root-291 MuiCheckbox-colorPrimary-295"
                  onBlur={[Function]}
                  onContextMenu={[Function]}
                  onFocus={[Function]}
                  onKeyDown={[Function]}
                  onKeyUp={[Function]}
                  onMouseDown={[Function]}
                  onMouseLeave={[Function]}
                  onMouseUp={[Function]}
                  onTouchEnd={[Function]}
                  onTouchMove={[Function]}
                  onTouchStart={[Function]}
                  tabIndex={null}
                >
                  <span
                    className="MuiIconButton-label-155"
                  >
                    <svg
                      aria-hidden="true"
                      className="MuiSvgIcon-root-76"
                      focusable="false"
                      role="presentation"
                      viewBox="0 0 24 24"
                    >
                      <path
                        d="M19 5v14H5V5h14m0-2H5c-1.1 0-2 .9-2 2v14c0 1.1.9 2 2 2h14c1.1 0 2-.9 2-2V5c0-1.1-.9-2-2-2z"
                      />
                    </svg>
                    <input
                      checked={false}
                      className="MuiPrivateSwitchBase-input-149"
                      data-indeterminate={false}
                      disabled={false}
                      onChange={[Function]}
                      type="checkbox"
                      value="checkedB"
                    />
                  </span>
                  <span
                    className="MuiTouchRipple-root-331"
                  />
                </span>
                <span
                  className="MuiTypography-root-85 MuiTypography-body2-93 MuiFormControlLabel-label-136"
                >
                  Longdrink
                </span>
              </label>
              <label
                className="MuiFormControlLabel-root-131"
              >
                <span
                  className="MuiButtonBase-root-73 MuiIconButton-root-150 MuiPrivateSwitchBase-root-146 MuiCheckbox-root-291 MuiCheckbox-colorPrimary-295"
                  onBlur={[Function]}
                  onContextMenu={[Function]}
                  onFocus={[Function]}
                  onKeyDown={[Function]}
                  onKeyUp={[Function]}
                  onMouseDown={[Function]}
                  onMouseLeave={[Function]}
                  onMouseUp={[Function]}
                  onTouchEnd={[Function]}
                  onTouchMove={[Function]}
                  onTouchStart={[Function]}
                  tabIndex={null}
                >
                  <span
                    className="MuiIconButton-label-155"
                  >
                    <svg
                      aria-hidden="true"
                      className="MuiSvgIcon-root-76"
                      focusable="false"
                      role="presentation"
                      viewBox="0 0 24 24"
                    >
                      <path
                        d="M19 5v14H5V5h14m0-2H5c-1.1 0-2 .9-2 2v14c0 1.1.9 2 2 2h14c1.1 0 2-.9 2-2V5c0-1.1-.9-2-2-2z"
                      />
                    </svg>
                    <input
                      checked={false}
                      className="MuiPrivateSwitchBase-input-149"
                      data-indeterminate={false}
                      disabled={false}
                      onChange={[Function]}
                      type="checkbox"
                      value="checkedB"
                    />
                  </span>
                  <span
                    className="MuiTouchRipple-root-331"
                  />
                </span>
                <span
                  className="MuiTypography-root-85 MuiTypography-body2-93 MuiFormControlLabel-label-136"
                >
                  Sparkling Cocktail
                </span>
              </label>
              <label
                className="MuiFormControlLabel-root-131"
              >
                <span
                  className="MuiButtonBase-root-73 MuiIconButton-root-150 MuiPrivateSwitchBase-root-146 MuiCheckbox-root-291 MuiCheckbox-colorPrimary-295"
                  onBlur={[Function]}
                  onContextMenu={[Function]}
                  onFocus={[Function]}
                  onKeyDown={[Function]}
                  onKeyUp={[Function]}
                  onMouseDown={[Function]}
                  onMouseLeave={[Function]}
                  onMouseUp={[Function]}
                  onTouchEnd={[Function]}
                  onTouchMove={[Function]}
                  onTouchStart={[Function]}
                  tabIndex={null}
                >
                  <span
                    className="MuiIconButton-label-155"
                  >
                    <svg
                      aria-hidden="true"
                      className="MuiSvgIcon-root-76"
                      focusable="false"
                      role="presentation"
                      viewBox="0 0 24 24"
                    >
                      <path
                        d="M19 5v14H5V5h14m0-2H5c-1.1 0-2 .9-2 2v14c0 1.1.9 2 2 2h14c1.1 0 2-.9 2-2V5c0-1.1-.9-2-2-2z"
                      />
                    </svg>
                    <input
                      checked={false}
                      className="MuiPrivateSwitchBase-input-149"
                      data-indeterminate={false}
                      disabled={false}
                      onChange={[Function]}
                      type="checkbox"
                      value="checkedB"
                    />
                  </span>
                  <span
                    className="MuiTouchRipple-root-331"
                  />
                </span>
                <span
                  className="MuiTypography-root-85 MuiTypography-body2-93 MuiFormControlLabel-label-136"
                >
                  After Dinner Cocktail
                </span>
              </label>
              <label
                className="MuiFormControlLabel-root-131"
              >
                <span
                  className="MuiButtonBase-root-73 MuiIconButton-root-150 MuiPrivateSwitchBase-root-146 MuiCheckbox-root-291 MuiCheckbox-colorPrimary-295"
                  onBlur={[Function]}
                  onContextMenu={[Function]}
                  onFocus={[Function]}
                  onKeyDown={[Function]}
                  onKeyUp={[Function]}
                  onMouseDown={[Function]}
                  onMouseLeave={[Function]}
                  onMouseUp={[Function]}
                  onTouchEnd={[Function]}
                  onTouchMove={[Function]}
                  onTouchStart={[Function]}
                  tabIndex={null}
                >
                  <span
                    className="MuiIconButton-label-155"
                  >
                    <svg
                      aria-hidden="true"
                      className="MuiSvgIcon-root-76"
                      focusable="false"
                      role="presentation"
                      viewBox="0 0 24 24"
                    >
                      <path
                        d="M19 5v14H5V5h14m0-2H5c-1.1 0-2 .9-2 2v14c0 1.1.9 2 2 2h14c1.1 0 2-.9 2-2V5c0-1.1-.9-2-2-2z"
                      />
                    </svg>
                    <input
                      checked={false}
                      className="MuiPrivateSwitchBase-input-149"
                      data-indeterminate={false}
                      disabled={false}
                      onChange={[Function]}
                      type="checkbox"
                      value="checkedB"
                    />
                  </span>
                  <span
                    className="MuiTouchRipple-root-331"
                  />
                </span>
                <span
                  className="MuiTypography-root-85 MuiTypography-body2-93 MuiFormControlLabel-label-136"
                >
                  Hot Drink
                </span>
              </label>
            </div>
          </fieldset>
        </div>
        <div
          className="MuiGrid-item-188 MuiGrid-grid-xs-12-227 MuiGrid-grid-md-6-249 CocktailFilter-checkboxOptionContainer-124"
        >
          <fieldset
            className="MuiFormControl-root-125"
          >
            <legend
              className="MuiFormLabel-root-284"
            >
              Glass
            </legend>
            <div
              className="MuiFormGroup-root-129 MuiFormGroup-row-130"
            >
              <label
                className="MuiFormControlLabel-root-131"
              >
                <span
                  className="MuiButtonBase-root-73 MuiIconButton-root-150 MuiPrivateSwitchBase-root-146 MuiCheckbox-root-291 MuiCheckbox-colorPrimary-295"
                  onBlur={[Function]}
                  onContextMenu={[Function]}
                  onFocus={[Function]}
                  onKeyDown={[Function]}
                  onKeyUp={[Function]}
                  onMouseDown={[Function]}
                  onMouseLeave={[Function]}
                  onMouseUp={[Function]}
                  onTouchEnd={[Function]}
                  onTouchMove={[Function]}
                  onTouchStart={[Function]}
                  tabIndex={null}
                >
                  <span
                    className="MuiIconButton-label-155"
                  >
                    <svg
                      aria-hidden="true"
                      className="MuiSvgIcon-root-76"
                      focusable="false"
                      role="presentation"
                      viewBox="0 0 24 24"
                    >
                      <path
                        d="M19 5v14H5V5h14m0-2H5c-1.1 0-2 .9-2 2v14c0 1.1.9 2 2 2h14c1.1 0 2-.9 2-2V5c0-1.1-.9-2-2-2z"
                      />
                    </svg>
                    <input
                      checked={false}
                      className="MuiPrivateSwitchBase-input-149"
                      data-indeterminate={false}
                      disabled={false}
                      onChange={[Function]}
                      type="checkbox"
                      value="checkedB"
                    />
                  </span>
                  <span
                    className="MuiTouchRipple-root-331"
                  />
                </span>
                <span
                  className="MuiTypography-root-85 MuiTypography-body2-93 MuiFormControlLabel-label-136"
                >
                  martini
                </span>
              </label>
              <label
                className="MuiFormControlLabel-root-131"
              >
                <span
                  className="MuiButtonBase-root-73 MuiIconButton-root-150 MuiPrivateSwitchBase-root-146 MuiCheckbox-root-291 MuiCheckbox-colorPrimary-295"
                  onBlur={[Function]}
                  onContextMenu={[Function]}
                  onFocus={[Function]}
                  onKeyDown={[Function]}
                  onKeyUp={[Function]}
                  onMouseDown={[Function]}
                  onMouseLeave={[Function]}
                  onMouseUp={[Function]}
                  onTouchEnd={[Function]}
                  onTouchMove={[Function]}
                  onTouchStart={[Function]}
                  tabIndex={null}
                >
                  <span
                    className="MuiIconButton-label-155"
                  >
                    <svg
                      aria-hidden="true"
                      className="MuiSvgIcon-root-76"
                      focusable="false"
                      role="presentation"
                      viewBox="0 0 24 24"
                    >
                      <path
                        d="M19 5v14H5V5h14m0-2H5c-1.1 0-2 .9-2 2v14c0 1.1.9 2 2 2h14c1.1 0 2-.9 2-2V5c0-1.1-.9-2-2-2z"
                      />
                    </svg>
                    <input
                      checked={false}
                      className="MuiPrivateSwitchBase-input-149"
                      data-indeterminate={false}
                      disabled={false}
                      onChange={[Function]}
                      type="checkbox"
                      value="checkedB"
                    />
                  </span>
                  <span
                    className="MuiTouchRipple-root-331"
                  />
                </span>
                <span
                  className="MuiTypography-root-85 MuiTypography-body2-93 MuiFormControlLabel-label-136"
                >
                  old-fashioned
                </span>
              </label>
              <label
                className="MuiFormControlLabel-root-131"
              >
                <span
                  className="MuiButtonBase-root-73 MuiIconButton-root-150 MuiPrivateSwitchBase-root-146 MuiCheckbox-root-291 MuiCheckbox-colorPrimary-295"
                  onBlur={[Function]}
                  onContextMenu={[Function]}
                  onFocus={[Function]}
                  onKeyDown={[Function]}
                  onKeyUp={[Function]}
                  onMouseDown={[Function]}
                  onMouseLeave={[Function]}
                  onMouseUp={[Function]}
                  onTouchEnd={[Function]}
                  onTouchMove={[Function]}
                  onTouchStart={[Function]}
                  tabIndex={null}
                >
                  <span
                    className="MuiIconButton-label-155"
                  >
                    <svg
                      aria-hidden="true"
                      className="MuiSvgIcon-root-76"
                      focusable="false"
                      role="presentation"
                      viewBox="0 0 24 24"
                    >
                      <path
                        d="M19 5v14H5V5h14m0-2H5c-1.1 0-2 .9-2 2v14c0 1.1.9 2 2 2h14c1.1 0 2-.9 2-2V5c0-1.1-.9-2-2-2z"
                      />
                    </svg>
                    <input
                      checked={false}
                      className="MuiPrivateSwitchBase-input-149"
                      data-indeterminate={false}
                      disabled={false}
                      onChange={[Function]}
                      type="checkbox"
                      value="checkedB"
                    />
                  </span>
                  <span
                    className="MuiTouchRipple-root-331"
                  />
                </span>
                <span
                  className="MuiTypography-root-85 MuiTypography-body2-93 MuiFormControlLabel-label-136"
                >
                  collins
                </span>
              </label>
              <label
                className="MuiFormControlLabel-root-131"
              >
                <span
                  className="MuiButtonBase-root-73 MuiIconButton-root-150 MuiPrivateSwitchBase-root-146 MuiCheckbox-root-291 MuiCheckbox-colorPrimary-295"
                  onBlur={[Function]}
                  onContextMenu={[Function]}
                  onFocus={[Function]}
                  onKeyDown={[Function]}
                  onKeyUp={[Function]}
                  onMouseDown={[Function]}
                  onMouseLeave={[Function]}
                  onMouseUp={[Function]}
                  onTouchEnd={[Function]}
                  onTouchMove={[Function]}
                  onTouchStart={[Function]}
                  tabIndex={null}
                >
                  <span
                    className="MuiIconButton-label-155"
                  >
                    <svg
                      aria-hidden="true"
                      className="MuiSvgIcon-root-76"
                      focusable="false"
                      role="presentation"
                      viewBox="0 0 24 24"
                    >
                      <path
                        d="M19 5v14H5V5h14m0-2H5c-1.1 0-2 .9-2 2v14c0 1.1.9 2 2 2h14c1.1 0 2-.9 2-2V5c0-1.1-.9-2-2-2z"
                      />
                    </svg>
                    <input
                      checked={false}
                      className="MuiPrivateSwitchBase-input-149"
                      data-indeterminate={false}
                      disabled={false}
                      onChange={[Function]}
                      type="checkbox"
                      value="checkedB"
                    />
                  </span>
                  <span
                    className="MuiTouchRipple-root-331"
                  />
                </span>
                <span
                  className="MuiTypography-root-85 MuiTypography-body2-93 MuiFormControlLabel-label-136"
                >
                  highball
                </span>
              </label>
              <label
                className="MuiFormControlLabel-root-131"
              >
                <span
                  className="MuiButtonBase-root-73 MuiIconButton-root-150 MuiPrivateSwitchBase-root-146 MuiCheckbox-root-291 MuiCheckbox-colorPrimary-295"
                  onBlur={[Function]}
                  onContextMenu={[Function]}
                  onFocus={[Function]}
                  onKeyDown={[Function]}
                  onKeyUp={[Function]}
                  onMouseDown={[Function]}
                  onMouseLeave={[Function]}
                  onMouseUp={[Function]}
                  onTouchEnd={[Function]}
                  onTouchMove={[Function]}
                  onTouchStart={[Function]}
                  tabIndex={null}
                >
                  <span
                    className="MuiIconButton-label-155"
                  >
                    <svg
                      aria-hidden="true"
                      className="MuiSvgIcon-root-76"
                      focusable="false"
                      role="presentation"
                      viewBox="0 0 24 24"
                    >
                      <path
                        d="M19 5v14H5V5h14m0-2H5c-1.1 0-2 .9-2 2v14c0 1.1.9 2 2 2h14c1.1 0 2-.9 2-2V5c0-1.1-.9-2-2-2z"
                      />
                    </svg>
                    <input
                      checked={false}
                      className="MuiPrivateSwitchBase-input-149"
                      data-indeterminate={false}
                      disabled={false}
                      onChange={[Function]}
                      type="checkbox"
                      value="checkedB"
                    />
                  </span>
                  <span
                    className="MuiTouchRipple-root-331"
                  />
                </span>
                <span
                  className="MuiTypography-root-85 MuiTypography-body2-93 MuiFormControlLabel-label-136"
                >
                  champagne-flute
                </span>
              </label>
              <label
                className="MuiFormControlLabel-root-131"
              >
                <span
                  className="MuiButtonBase-root-73 MuiIconButton-root-150 MuiPrivateSwitchBase-root-146 MuiCheckbox-root-291 MuiCheckbox-colorPrimary-295"
                  onBlur={[Function]}
                  onContextMenu={[Function]}
                  onFocus={[Function]}
                  onKeyDown={[Function]}
                  onKeyUp={[Function]}
                  onMouseDown={[Function]}
                  onMouseLeave={[Function]}
                  onMouseUp={[Function]}
                  onTouchEnd={[Function]}
                  onTouchMove={[Function]}
                  onTouchStart={[Function]}
                  tabIndex={null}
                >
                  <span
                    className="MuiIconButton-label-155"
                  >
                    <svg
                      aria-hidden="true"
                      className="MuiSvgIcon-root-76"
                      focusable="false"
                      role="presentation"
                      viewBox="0 0 24 24"
                    >
                      <path
                        d="M19 5v14H5V5h14m0-2H5c-1.1 0-2 .9-2 2v14c0 1.1.9 2 2 2h14c1.1 0 2-.9 2-2V5c0-1.1-.9-2-2-2z"
                      />
                    </svg>
                    <input
                      checked={false}
                      className="MuiPrivateSwitchBase-input-149"
                      data-indeterminate={false}
                      disabled={false}
                      onChange={[Function]}
                      type="checkbox"
                      value="checkedB"
                    />
                  </span>
                  <span
                    className="MuiTouchRipple-root-331"
                  />
                </span>
                <span
                  className="MuiTypography-root-85 MuiTypography-body2-93 MuiFormControlLabel-label-136"
                >
                  margarita
                </span>
              </label>
              <label
                className="MuiFormControlLabel-root-131"
              >
                <span
                  className="MuiButtonBase-root-73 MuiIconButton-root-150 MuiPrivateSwitchBase-root-146 MuiCheckbox-root-291 MuiCheckbox-colorPrimary-295"
                  onBlur={[Function]}
                  onContextMenu={[Function]}
                  onFocus={[Function]}
                  onKeyDown={[Function]}
                  onKeyUp={[Function]}
                  onMouseDown={[Function]}
                  onMouseLeave={[Function]}
                  onMouseUp={[Function]}
                  onTouchEnd={[Function]}
                  onTouchMove={[Function]}
                  onTouchStart={[Function]}
                  tabIndex={null}
                >
                  <span
                    className="MuiIconButton-label-155"
                  >
                    <svg
                      aria-hidden="true"
                      className="MuiSvgIcon-root-76"
                      focusable="false"
                      role="presentation"
                      viewBox="0 0 24 24"
                    >
                      <path
                        d="M19 5v14H5V5h14m0-2H5c-1.1 0-2 .9-2 2v14c0 1.1.9 2 2 2h14c1.1 0 2-.9 2-2V5c0-1.1-.9-2-2-2z"
                      />
                    </svg>
                    <input
                      checked={false}
                      className="MuiPrivateSwitchBase-input-149"
                      data-indeterminate={false}
                      disabled={false}
                      onChange={[Function]}
                      type="checkbox"
                      value="checkedB"
                    />
                  </span>
                  <span
                    className="MuiTouchRipple-root-331"
                  />
                </span>
                <span
                  className="MuiTypography-root-85 MuiTypography-body2-93 MuiFormControlLabel-label-136"
                >
                  champagne-tulip
                </span>
              </label>
              <label
                className="MuiFormControlLabel-root-131"
              >
                <span
                  className="MuiButtonBase-root-73 MuiIconButton-root-150 MuiPrivateSwitchBase-root-146 MuiCheckbox-root-291 MuiCheckbox-colorPrimary-295"
                  onBlur={[Function]}
                  onContextMenu={[Function]}
                  onFocus={[Function]}
                  onKeyDown={[Function]}
                  onKeyUp={[Function]}
                  onMouseDown={[Function]}
                  onMouseLeave={[Function]}
                  onMouseUp={[Function]}
                  onTouchEnd={[Function]}
                  onTouchMove={[Function]}
                  onTouchStart={[Function]}
                  tabIndex={null}
                >
                  <span
                    className="MuiIconButton-label-155"
                  >
                    <svg
                      aria-hidden="true"
                      className="MuiSvgIcon-root-76"
                      focusable="false"
                      role="presentation"
                      viewBox="0 0 24 24"
                    >
                      <path
                        d="M19 5v14H5V5h14m0-2H5c-1.1 0-2 .9-2 2v14c0 1.1.9 2 2 2h14c1.1 0 2-.9 2-2V5c0-1.1-.9-2-2-2z"
                      />
                    </svg>
                    <input
                      checked={false}
                      className="MuiPrivateSwitchBase-input-149"
                      data-indeterminate={false}
                      disabled={false}
                      onChange={[Function]}
                      type="checkbox"
                      value="checkedB"
                    />
                  </span>
                  <span
                    className="MuiTouchRipple-root-331"
                  />
                </span>
                <span
                  className="MuiTypography-root-85 MuiTypography-body2-93 MuiFormControlLabel-label-136"
                >
                  hurricane
                </span>
              </label>
              <label
                className="MuiFormControlLabel-root-131"
              >
                <span
                  className="MuiButtonBase-root-73 MuiIconButton-root-150 MuiPrivateSwitchBase-root-146 MuiCheckbox-root-291 MuiCheckbox-colorPrimary-295"
                  onBlur={[Function]}
                  onContextMenu={[Function]}
                  onFocus={[Function]}
                  onKeyDown={[Function]}
                  onKeyUp={[Function]}
                  onMouseDown={[Function]}
                  onMouseLeave={[Function]}
                  onMouseUp={[Function]}
                  onTouchEnd={[Function]}
                  onTouchMove={[Function]}
                  onTouchStart={[Function]}
                  tabIndex={null}
                >
                  <span
                    className="MuiIconButton-label-155"
                  >
                    <svg
                      aria-hidden="true"
                      className="MuiSvgIcon-root-76"
                      focusable="false"
                      role="presentation"
                      viewBox="0 0 24 24"
                    >
                      <path
                        d="M19 5v14H5V5h14m0-2H5c-1.1 0-2 .9-2 2v14c0 1.1.9 2 2 2h14c1.1 0 2-.9 2-2V5c0-1.1-.9-2-2-2z"
                      />
                    </svg>
                    <input
                      checked={false}
                      className="MuiPrivateSwitchBase-input-149"
                      data-indeterminate={false}
                      disabled={false}
                      onChange={[Function]}
                      type="checkbox"
                      value="checkedB"
                    />
                  </span>
                  <span
                    className="MuiTouchRipple-root-331"
                  />
                </span>
                <span
                  className="MuiTypography-root-85 MuiTypography-body2-93 MuiFormControlLabel-label-136"
                >
                  shot
                </span>
              </label>
              <label
                className="MuiFormControlLabel-root-131"
              >
                <span
                  className="MuiButtonBase-root-73 MuiIconButton-root-150 MuiPrivateSwitchBase-root-146 MuiCheckbox-root-291 MuiCheckbox-colorPrimary-295"
                  onBlur={[Function]}
                  onContextMenu={[Function]}
                  onFocus={[Function]}
                  onKeyDown={[Function]}
                  onKeyUp={[Function]}
                  onMouseDown={[Function]}
                  onMouseLeave={[Function]}
                  onMouseUp={[Function]}
                  onTouchEnd={[Function]}
                  onTouchMove={[Function]}
                  onTouchStart={[Function]}
                  tabIndex={null}
                >
                  <span
                    className="MuiIconButton-label-155"
                  >
                    <svg
                      aria-hidden="true"
                      className="MuiSvgIcon-root-76"
                      focusable="false"
                      role="presentation"
                      viewBox="0 0 24 24"
                    >
                      <path
                        d="M19 5v14H5V5h14m0-2H5c-1.1 0-2 .9-2 2v14c0 1.1.9 2 2 2h14c1.1 0 2-.9 2-2V5c0-1.1-.9-2-2-2z"
                      />
                    </svg>
                    <input
                      checked={false}
                      className="MuiPrivateSwitchBase-input-149"
                      data-indeterminate={false}
                      disabled={false}
                      onChange={[Function]}
                      type="checkbox"
                      value="checkedB"
                    />
                  </span>
                  <span
                    className="MuiTouchRipple-root-331"
                  />
                </span>
                <span
                  className="MuiTypography-root-85 MuiTypography-body2-93 MuiFormControlLabel-label-136"
                >
                  hot-drink
                </span>
              </label>
              <label
                className="MuiFormControlLabel-root-131"
              >
                <span
                  className="MuiButtonBase-root-73 MuiIconButton-root-150 MuiPrivateSwitchBase-root-146 MuiCheckbox-root-291 MuiCheckbox-colorPrimary-295"
                  onBlur={[Function]}
                  onContextMenu={[Function]}
                  onFocus={[Function]}
                  onKeyDown={[Function]}
                  onKeyUp={[Function]}
                  onMouseDown={[Function]}
                  onMouseLeave={[Function]}
                  onMouseUp={[Function]}
                  onTouchEnd={[Function]}
                  onTouchMove={[Function]}
                  onTouchStart={[Function]}
                  tabIndex={null}
                >
                  <span
                    className="MuiIconButton-label-155"
                  >
                    <svg
                      aria-hidden="true"
                      className="MuiSvgIcon-root-76"
                      focusable="false"
                      role="presentation"
                      viewBox="0 0 24 24"
                    >
                      <path
                        d="M19 5v14H5V5h14m0-2H5c-1.1 0-2 .9-2 2v14c0 1.1.9 2 2 2h14c1.1 0 2-.9 2-2V5c0-1.1-.9-2-2-2z"
                      />
                    </svg>
                    <input
                      checked={false}
                      className="MuiPrivateSwitchBase-input-149"
                      data-indeterminate={false}
                      disabled={false}
                      onChange={[Function]}
                      type="checkbox"
                      value="checkedB"
                    />
                  </span>
                  <span
                    className="MuiTouchRipple-root-331"
                  />
                </span>
                <span
                  className="MuiTypography-root-85 MuiTypography-body2-93 MuiFormControlLabel-label-136"
                >
                  white-wine
                </span>
              </label>
            </div>
          </fieldset>
        </div>
      </div>
    </div>
    <div
      className="MuiLinearProgress-root-338 MuiLinearProgress-colorPrimary-339 MuiLinearProgress-indeterminate-342"
      role="progressbar"
    >
      <div
        className="MuiLinearProgress-bar-348 MuiLinearProgress-barColorPrimary-349 MuiLinearProgress-bar1Indeterminate-351"
        style={Object {}}
      />
      <div
        className="MuiLinearProgress-bar-348 MuiLinearProgress-barColorPrimary-349 MuiLinearProgress-bar2Indeterminate-354"
        style={Object {}}
      />
    </div>
  </div>,
]
`;
